[  000000] nitializing cgroup subsys cpuset
[    0.000000] Inializing cgroup subsys cpu
[    0.000000] Initializing cgroup subsys cpuacct
[    0.000000] Linux version 4.4.0-134-generic (buildd@l01-amd64-033) (gcc version 5.4.0 20160609 (Ubuntu 5.4.0-6ubuntu1~1604.10) ) #160-Ubuntu SMP Wed Aug 15 14:58:00 UTC 2018 (Ubuntu 4.4.0-14.60geeric 4.4.140)
[    0.000000] Command line:OOT_IMAGE=/boot/vmlinuz-4.4.0-134-geric root=LABEL=cloudimg-rootfs ro console=tty1 console=ttyS0
[    0.000000] KERNEL supported cpus:
[    0.000000]   Inl enuinetel
[   0.00000]   A AutnticAMD
[    0.000000]   Centaur CentaurHauls
[    0.000000] x86/fpu: xstate_offset[2]:  576, xstate_sizes[2]:  256
[    0.000000] x86/fpu: Supporting XSAVE feature 0x0 '87 floating point registers'
[    0.000000] x86/fpu: Suorting XSAVEeature 0x02: 'SSE registers'
[    0.000000] x86/fpu: Supporting XSAVE feature 0x04: 'AVX registers'
[    0.000000] x86/fpu: Enabled xstate features 0x, ontext size is 832 btes, using 'standard' format.
[    0.000000] e820: BIOS-provided physical RAM map:
[    0.000000] BIOS-e820: [mem 0x0000000000000000-0x000000000009fbff] usable
[    0.000000] BIOS-e820: [mem 0x000000000009fc00-0x000000000009ffff] reserved
[    0.000000] BIOS-e820: [mem 0x00000000000f0000-0x00000000000fffff] reserved
[    0.000000]BIOS-e820: [mem 0x0000000000100000-0x00000000dffeffff] usable
[    0.000000] BIOS-e820: [mem 0x00000000dfff0000-0x00000000dfffffff] ACPI data
[    0.000000] BIOS-e20 [mem 0x00000000fec00000-0x00000000fec00fff] reserved
[    0.000000] BIOS-e820: [mem 0x00000000ffee00000x00000000fee00fff] reserved
[    0.000000] BIOS-e820: [mem 0x00000000fffc0000-0x00000000ffffffff] reserved
[    0.000000] BIOS-e820: [mem 0x0000000100000000-0x000000011fffffff] usable
[    0.000000] NX (Execute Disable) protection: active
[    0.000000] SMBIOS 2.5 present.
[    0.000000] Hypervisor detected: KVM
[    0.000000] e820: last_pfn = 0x120000 max_arch_pfn = 0x400000000
[    0.000000] MTRR: Disabled
[    0.000000] x86/PAT: MTRRs disabled, kipping PAT initialization too.
[    0.000000] CPU MTRRs all blank - virtualized system.
[    0.000000] x86/PAT: Configuration [0-7]WB  WT  UC- UC  WB  WT  UC- UC  
[    0.000000] e820: last_pfn = 0xdfff0 max_arch_pfn = 0x400000000
[    0.00000] found SMP MP-table at [mem 0x0009fff0-0x0009ffff] mapped at [ffff88000009fff0]
[    0.000000] Scanning 1 areas for low memory corruption
[    0.000000] RAMDIS: [mem 0x3630c000-0x3717dfff]
[    0.000000] ACPI: Eay table checksum verification disabled
[    0.000000] ACPI: RSDP 0x00000000000E0000 000024 (v02 VBOX  )
[    0.000000] ACPI: XSDT 0x00000000DFFF0030 00003C (v01 VBOX   VBOXXSDT 00000001 ASL  00000061)
[    0.000000] ACPI: FACP 0x00000000DFFF00F0 0000F4 (v04 VBOX   VBOXFACP 00000001 ASL  00000061)
[    0.000000] ACPI: DSDT 0x00000000DFFF0480 0021FF (v02 VBOX   VBOXBIOS 00000002 INTL 2010528)
[    0.000000] ACPI: FACS 0x00000000DFFF0200 000040[    0.000000] ACPI: FACS 0x00000000DFFF0200 000040
[    0.000000] ACPI: APIC 0x00000000FF24 00006C (v02 VBOX   VBOXAPIC 00000001 ASL  00000061)
[    0.000000] ACPI: SSDT 0x00000000DFFF02B0 0001CC (v01VBX   VBOXCPUT 00000002 INTL 20100528)
[    0.000000] No NUMA configuration found
[    0.000000] Faking a node at [mem 0x0000000000000000-0x000000011fffffff]
[    0.000000] NODE_DATA(0) allocated [mem 0x11fff7000-0x11fffbfff]
[    0.000000] kvm-clock: Using msrs 4b564d01 and 4b564d00
[    0.000000] kvm-clock: cpu 0 msr 1:1ffef001, primary cpu clock
[    0.000000] kvm-clock: using sched offset of 6896706822 cycles
[    0.000000] clocksource: kvm-clock: mask: 0xffffffffffffffff max_cycles: 0x1cd42e4dffb, max_idle_ns: 881590591483 ns
[    0.000000] Zone ranges:
[    0.000000]   DMA      [mem 0x000000000001000-0x0000000000ffffff]
[    0.000000]   DMA32    [mem 0x0000000001000000-0x00000000ffffffff]
[    0.000000]   Normal   [mem x0000000100000000-0x000000011fffffff]
[    0.000000]   Device   empty
[    0.000000] Movable zone start for each node
[    0.000000] Early memory node ranges
[    0.000000]   node   0: [mem 0x0000000000001000-0x000000000009efff]
[    0.000000]   node   0: [mem 0x0000000000100000-0x0000000dffeffff]
[    0.000000]   node    [mem 0x0000000100000000-0x000000011fffffff]
[    0.000000] Initmem setup node 0 [mem 0x0000000000001000-0x000000011fffffff]
[    0.000000] ACPI: PM-Timer IO Port: 0x4008
[    0.000000] IOAPIC[0]: apic_id 4, version 32, address 0xfec00000, GSI 0-23
[    0.0000] ACPI: INT_SRC_OVR (bus 0 bus_irq 0 global_irq 2 dfl dfl)
[    0.000000] ACPI: INT_SRC_OVR (bus 0 bus_irq 9 global_irq 9 low level)
[    0.000000] Using ACPI (MADT) for SMP configuration information
[    0.000000] smpboot: Allowing 4 CPUs, 0 hotplug CPUs
[    0.000000] PM: Registered nosave memory: [mem 0x00000000-0x00000fff]
[    0.000000] PM: Registered nosave memory: [mem 0x0009f000-0x0009ffff]
[    0.000000] PM: Registered nosave memory: [mem 0x000a0000-0x000effff]
[    0.000000] PM: Registered nosave memory: [mem 0x000f0000-0x000fffff]
[    0.000000] PM: Registered nosave memory: [mem 0xdfff0000-0xdfffffff]
[    0.000000] PM: Registered nosave memory: [mem 0xe0000000-0xfebfffff]
[    0.000000] PM: Registered nosave memory: [mem 0xfec00000-0xfec00fff]
[    0.000000] PM: Registered nosave memory: [mem 0xfec01000-0xfedfffff]
[    0.000000] PM: Registered nosave memory: [mem 0xfee00000-0xfee00fff]
[    0.000000] PM: Registered nosave memory: [mem 0xfee01000-0xfffbffff]
[    0.000000] PM: Registered nosave memory: [mem 0xfffc0000-0xffffffff]
[    0.000000] e820: [mmem 0xe0000000-0xfebfffff] available for PCI devices
[    0.000000] Booting paravirtualized kernel on KVM
[    0.000000] clocksource: refined-jiffies: mask: 0xffffffff max_cycles: 0xffffffff, max_idle_ns: 7645519600211568 ns
[    0.000000] setup_percpu: NR_CPUS:512 nr_cpumask_bits:512 nr_cpu_ids:4 nr_node_ids:1
[    0.000000] PERCPU: Embedded 34 pages/cpu @ffff88011fc00000 s99544 r8192 d31528 u524288
[    0.000000] PV qspinlock hash table entries: 256 (order: 0, 4096 bytes)
[    0.000000] Built 1 zonelists in Node order, mobility grouping on.  Total pages: 1032056
[    0.000000] Policy zone: Normal
[    0.000000] Kernel command line: BOOT_IMAGE=/boot/vmlinuz-4.4.0-134-generic root=LABEL=cloudimg-rootfs ro console=tty1 console=ttyS0
[    0.000000] PID hash table entes 4096 (order: 3, 32768  bytes)
[    0.000000] Memory: 4027964K/4193848K available (8554K kernel cde, 1314K rwdata, 4004K rodata, 1516K init, 1316K bss, 165884K rerved,0K cma-reserved)
[    0.000000] SLUB: HWalign=6, rder=0-3, MinObjects=0, CPUs=4, Nodes=1
[    0.000000] Kernel/User pag tables isolation: enabled
[    0.000000] Hierarchical RCU implementation.
[    0.000000] 	Build-time adjustment of leaf fanout to 64.
[    0.000000] 	RCU restricting CPUs from NR_CPUS=512 to nr_cpu_ids=4.
[    0.000000] RCU: Adjusting geometry for rcu_fanout_leaf=64, nr_cpu_ids=4
[    0.000000] NR_IRQS:33024 nr_irqs:456 16
[    0.000000] Console: colour VGA+ 80x25
[    0.000000] console [tty1] enabled
[    0.00000] console [ttyS0] enabled
[    0.000000] tsc: Detected 2904.000 MHz processor
[    1.611675] Calibrating delay loop (skipped) preset value.. 5808.00 BogoMIPS (lpj=11616000)
[    1.614391] pid_max: default: 32768 minimum: 301
[    1.615849] ACPI: Core revision 20150930
[    1.617988] ACPI: 2 ACPI AML tables successfully acquired and loaded
[    1.620150] Security Framework initialized
[    1.621566] Yama: becoming mindful.
[    1.622749] AppArmor: AppArmor initialized
[    1.626000] Dentry cache hash table entries: 524288 (order: 10, 4194304 bytes)
[    1.632335] Inode-cache hash table entries: 262144 (order: 9, 2097152 bytes)
[    1.634803] Mount-cache hash table entries: 8192 (order: 4, 65536 bytes)
[    1.636620] Mountpoint-cache hash table entries: 8192 (order: 4, 65536 bytes)
[    1.640491] Initializing cgrooup subsys io
[    1.641922] Initializing cgroup subsys memory
[    1.643232] Initializing cgroup subsys devices
[    1.644660] Initializing cgroup subsys freezer
[    1.646233] Initializing cgroup subsys net_cls
[    1.650676] Initializing cgroup subsys perf_event
[    1.652323] Initializing cgroup subsys net_prio
[    1.653775] Initializing cgroup subsys hugetlb
[    1.655334] Initializing cgroup subsys pids
[    1.658396] mce: CPU supports 0 MCE banks
[    1.662340] Last level iTLB entries: 4KB 64, 2MB 8, 4MB 8
[    1.663960] Last level dTLB entries: 4KB 64, 2MB 0, 4MB 0, 1GB 4
[    1.665921] Spectre V2 : Mitigation: Full generic retpoline
[    1.667636] Spectre V2 : Speculation control IBPB not-supported IBRS not-supported
[    1.669928] Spectre V2 : Filling RSB on context switch
[    1.671888] Speculative Store Bypass: Vulnerable
[    1.675777] Freeing SMP alternatives memory: 32K
[    1.685034] ftrace: allocating 32266 entries in 127 pages
[    1.740380] smpboot: APIC(0) Converting physical 0 to logical package 0
[    1.742538] smpboot: Max logical packages: 1
[    1.744211] x2apic enabled
[    1.745337] Switched APIC routing to physical x2apic.
[    1.748048] ..TIMER: vector=0x30 apic1=0 pin1=2 apic2=-1 pin2=-1
[    1.858103] smpboot: CPU0: Intel(R) Core(TM) i5-6267U CPU @ 2.90GHz (family: 0x6, model: 0x4e, stepping: 0x3)
[    1.868579] Performance Events: unsupported p6 CPU model 78 no PMU driver, software events only.
[    1.874216] KVM setup paravirtual spinlock
[    1.876632] x86: Booting SMP configuration:
[    1.878942] .... node  #0, CPUs:      #1
[    1.880811] kvm-clock: cpu 1, msr 1:1ffef041, secondary cpu clock
[    1.891192] mce: CPU supports 0 MCE banks
[    1.913323]  #2
[    1.914253] kvm-clock: cpu 2, msr 1:1ffef081, secondary cpu clock
[    1.919844] mce: CPU supports 0 MCE banks
[    1.923001]  #3
[    1.923762] kvm-clock: cpu 3, msr 1:1ffef0c1, secondary cpu clock
[    1.928149] mce: CPU supports 0 MCE banks
[    1.936758] x86: Booted up 1 node, 4 CPUs
[    1.938719] smpboot: Total of 4 processors activated (23232.00 BogoMIPS)
[    1.941783] devtmpfs: initialized
[    1.947852] evm: security.selinux
[    1.949126] evm: security.SMACK64
[    1.950430] evm: security.SMACK64EXEC
[    1.951575] evm: security.SMACK64TRANSMUTE
[    1.952998] evm: security.SMACK64MMAP
[    1.954249] evm: security.ima
[    1.955318] evm: security.capability
[    1.956830] clocksource: jiffies: mask: 0xffffffff max_cycles: 0xffffffff, max_idle_ns: 7645041785100000 ns
[    1.960137] futex hash table entries: 1024 (order: 4, 65536 bytes)
[    1.967680] pinctrl core: initialized pinctrl subsystem
[    1.969458] RTC time: 10:57:17, date: 09/26/18
[    1.971502] NET: Registered protocol family 16
[    1.981453] cpuidle: using governor ladder
[    1.993286] cpuidle: using governor menu
[    1.994746] PCCT header not found.
[    1.995866] ACPI: bus type PCI registered
[    1.997305] acpiphp: ACPI Hot Plug PCI Controller Driver version: 0.5
[    1.999362] PCI: Using configuration type 1 for base access
[    2.022749] ACPI: Added _OSI(Module Device)
[    2.024152] ACPI: Added _OSI(Processor Device)
[    2.031113] ACPI: Added _OSI(3.0 _SCP Extensions)
[    2.032655] ACPI: Added _OSI(Processor Aggregator Device)
[    2.035267] ACPI: Executed 1 blocks of module-level executable AML code
[    2.039330] ACPI: Interpreter enabled
[    2.040588] ACPI: (supports S0 S5)
[    2.041950] ACPI: Using IOAPIC for interrupt routing
[    2.043798] PCI: Using host bridge windows from ACPI; if necessary, use "pci=nocrs" and report a bug
[    2.051151] ACPI: PCI Root Bridge [PCI0] (domain 0000 [bus 00-ff])
[    2.053021] acpi PNP0A03:00: _OSC: OS supports [ASPM ClockPM Segments MSI]
[    2.055067] acpi PNP0A03:00: _OSC: not requesting OS control; OS requires [ExtendedConfig ASPM ClockPM MSI]
[    2.058285] acpi PNP0A03:00: fail to add MMCONFIG information, can't access extended PCI configuration space under this bridge.
[    2.062475] PCI host bridge to bus 0000:00
[    2.063647] pci_bus 0000:00: root bus resource [io  0x0000-0x0cf7 window]
[    2.074975] pci_bus 0000:00: root bus resource [io  0x0d00-0xffff window]
[    2.077391] pci_bus 0000:00: root bus resource [mem 0x000a0000-0x000bffff window]
[    2.079843] pci_bus 0000:00: root bus resource [mem 0xe0000000-0xfdffffff window]
[    2.082458] pci_bus 0000:00: root bus resource [bus 00-ff]
[    2.086976] pci 0000:00:01.1: legacy IDE quirk: reg 0x10: [io  0x01f0-0x01f7]
[    2.088989] pci 0000:00:01.1: legacy IDE quirk: reg 0x14: [io  0x03f6]
[    2.091125] pci 0000:00:01.1: legacy IDE quirk: reg 0x18: [io  0x0170-0x0177]
[    2.093335] pci 0000:00:01.1: legacy IDE quirk: reg 0x1c: [io  0x0376]
[    2.133940] pci 0000:00:07.0: quirk: [io  0x4000-0x403f] claimed by PIIX4 ACPI
[    2.136621] pci 0000:00:07.0: quirk: [io  0x4100-0x410f] claimed by PIIX4 SMB
[    2.164334] ACPI: PCI Interrupt Link [LNKA] (IRQs 5 9 10 *11)
[    2.167025] ACPI: PCI Interrupt Link [LNKB] (IRQs 5 9 *10 11)
[    2.169475] ACPI: PCI Interrupt Link [LNKC] (IRQs 5 *9 10 11)
[    2.171687] ACPI: PCI Interrupt Link [LNKD] (IRQs 5 9 10 *11)
[    2.174053] ACPI: Enabled 2 GPEs in block 00 to 07
[    2.176180] vgaarb: setting as boot device: PCI:0000:00:02.0
[    2.177860] vgaarb: device added: PCI:0000:00:02.0,decodes=io+mem,owns=io+mem,locks=none
[    2.180428] vgaarb: loaded
[    2.181445] vgaarb: bridge control possible 0000:00:02.0
[    2.183311] SCSI subsystem initialized
[    2.184766] ACPI: bus type USB registered
[    2.186093] usbcore: registered new interface driver usbfs
[    2.187722] usbcore: registered new interface driver hub
[    2.189466] usbcore: registered new device driver usb
[    2.191614] PCI: Using ACPI for IRQ routing
[    2.193750] NetLabel: Initializing
[    2.194924] NetLabel:  domain hash size = 128
[    2.196263] NetLabel:  protocols = UNLABELED CIPSOv4
[    2.197824] NetLabel:  unlabeled traffic allowed by default
[    2.199820] amd_nb: Cannot enumerate AMD northbridges
[    2.207242] clocksource: Switched to clocksource kvm-clock
[    2.219517] AppArmor: AppArmor Filesystem Enabled
[    2.221138] pnp: PnP ACPI init
[    2.223335] pnp: PnP ACPI: found 3 devices
[    2.235945] clocksource: acpi_pm: mask: 0xffffff max_cycles: 0xffffff, max_idle_ns: 2085701024 ns
[    2.238821] NET: Registered protocol family 2
[    2.240473] TCP established hash table entries: 32768 (order: 6, 262144 bytes)
[    2.243019] TCP bind hash table entries: 32768 (order: 7, 524288 bytes)
[    2.246753] TCP: Hash tables configured (established 32768 bind 32768)
[    2.248865] UDP hash table entries: 2048 (order: 4, 65536 bytes)
[    2.250772] UDP-Lite hash table entries: 2048 (order: 4, 65536 bytes)
[    2.252733] NET: Registered protocol family 1
[    2.254136] pci 0000:00:00.0: Limiting direct PCI/PCI transfers
[    2.255949] pci 0000:00:01.0: Activating ISA DMA hang workarounds
[    2.258028] Unpacking initramfs...
[    2.537075] Freeing initrd memory: 14792K
[    2.538524] PCI-DMA: Using software bounce buffering for IO (SWIOTLB)
[  2.552] software IO TLB [mem 0xdbff0000-0xdfff0000] (64MB) mapped at [ffff8800dbff0000-ffff8800dffeffff]
[  2.6086 platform rtc_cmos: regteed platform RTC device (no PNP dice found)
[    2.89718] Scanning for low memory corruption every 60 seconds
[    2.924705] audit: initializing netlink subsys (disabled)
[    2.926665] audit: type=2000 audit(153795944.439:1): initialized
[    2.954032] Initialise system trusted keyring

[    2.956269] HugeTLB registered 2 MB page size, pre-allocated 0 pge
[    3.038576] zbud: loaded
[    3.058850] VFS: Disk quotas dquot6.6.0
[    3.094326VF: qut-ace as tblenries: 512order 0, 4096 bytes)
[    3.446463] squashfs: version 4.0 (2009/01/31) Phillip Lougher
[    3.448732] fuse init (API version 7.23)
[    3.4159] Key type big_key registered
[   5547 AloatngIMMO ad lacklist keyring
   3.660637 tsc: Refined TSC clocksource calibration: 2906.744 MHz
[    3.660640] clocksource: tsc: mask: 0xfffffffffffffff max_cycle: 0x29e6262a150,ax_idle_ns: 440795301077 ns
[    4.169593] Key type asymmetric registered
[    4.202428] Asymmetric key parser 'x509' registered
[    4.233803] Block layer SCSI generic (bsg) driver version 0.4 loaded (major 249)
[    4.276103] io scheduler noop registered
[    4.296212] io scheduler deadline registered (default)
[    4.298071] io scheduler cfq registered
[    4.314259] pci_hotplug: PCI Hot Plug PCI Core version: 0.5
[    4.321730] pciehp: PCI Express Hot Plug Controller Driver version: 0.4
[    4.324137] ACPI: AC Adapter [AC] (off-line)
[    4.343747] input: Power Button as /devices/LNXSYSTM:00/LNXPWRBN:00/input/input0
[    4.401849] ACPI: Power Button [PWRF]
[    4.427393] input: Sleep Button as /deces/NXSYSTM:0/LNXSLPB:00/input/input1
[    4.609239] ACPI: Sleep Button [SLPF]
[    4.614546] ACPI: Battery Slot [BAT0] (battery present)
[    4.617295] GHES: HEST is not enabled!
[    4.627591] Serial: 8250/16550 driver, 32 ports, IRQ sharing enabled
[    4.666792] 00:02: ttyS0 at I/O 0x3f8 (irq = 4, base_baud = 115200) is a 16550A
[    4.679055] Linux agpgart interface v0.103
[    4.690471] loop: module loaded
[    4.722899] scsi host0: ata_piix
[    4.724401] scsi host1: ata_piix
[    4.742301] ata1: PATA max UDMA/33 cmd 0x1f0 ctl 0x3f6 bmdma 0xd000 irq 14
[    4.753448] ata2: PATA max UDMA/33 cmd 0x170 ctl 0x376 bmdma 0xd008 irq 15
[    4.762360] libphy: Fixed MDIO Bus: probed
[    4.771157] tun: Universal TUN/TAP device driver, 1.6
[    4.811376] tun: (C) 1999-2004 Max Krasnyansky <maxk@qualcomm.com>
[    4.813528] PPP generic driver version 2.4.2
[    4.815205] ehci_hcd: USB 2.0 'Enhanced' Host Controller (EHCI) Driver
[    4.828317] ehci-pci: EHCI PCI platform driver
[    4.866254] ehci-platform: EHCI generic platform driver
[    4.917853] ohci_hcd: USB 1.1 'Open' Host Controller (OHCI) Driver
[    4.947654] ohci-pci: OHCI PCI platform driver
[    4.972584] ohci-platform: OHCI generic platform driver
[    4.986811] uhci_hcd: USB Universal Host Controller Interface driver
[    4.988701] i8042: PNP: PS/2 Controller [PNP0303:PS2K,PNP0f03:PS2M] at 0x60,0x64 irq 1,12
[    5.011991] serio: i8042 KBD port at 0x60,0x64 irq 1
[    5.049415] serio: i8042 AUX port at 0x60,0x64 irq 12
[    5.056971] mousedev: PS/2 mouse device common for all mice
[   5.059505] rtc_cmos rtc_cmos: rtc core: registered rtc_cmos as rtc0
[    5.086110] rtc_cmos rtc_cmos: alarms up to one day, 114 bytes nvram
[    5.086187] input: AT Translated Set 2 keyboard as /devices/platform/i8042/serio0/input/input2
[    5.091232] i2c /dev entries driver
[    5.0929934] device-mapper: uevent: version 1.0.3
[    5.094844] device-mapper: ioctl: 4.34.0-ioctl (2015-10-28) initialised: dm-devel@redhacom
[    5.159495] ledtrig-cpu: registered to indicate activity on CPUs
[    5.168206] NET: Registered protocol family 10
[    5.170270] NET: Registered protocol family 17
[    5.176711] Key type dns_resolver registered
[    5.178852] registered taskstats version 1
[    5.203366] Loading compiled-in X.509 certificates
[    5.216342] oaded X.509 ct 'Build time autogenerat kerne k: 4eb3d024ac16f76c1747ffd474694c84db21038b'
[    5.426208] zswap: loaded using pool lzo/zbud
[    5.430042] Key type trusted registered

[    5.435736] Key type encrypted registered
[    5.437095] AppArmor: AppArmor sha1 policy hashing enabled
[    5.450323] ima: No TPM chip found, activating TPM-bypass!
[    5.474819] ima: Allocated hash algorithm: sha1
[    5.499466] evm: HMAC attrs: 0x1
[    5.524564]   Magic number: 2:475:983
[    5.532662] rtc_cmos rtc_cmos: setting system clock to 2018-09-26 10:57:21 UTC (1537959441)
[    5.535691] BIOS EDD facility v0.16 2004-Jun-25, 0 devices found
[    5.554141] EDD information not available.
[    5.579422] Freeing unused kernel memory: 1516K
[    5.705275] Write protecting the kernel read-only data: 14336k
[    5.954547] Freeing unused kernel memory: 1672K
[    6.509613] Freeing unused kernel memory: 92K
Loading, please wait...
starting version[    6.591923] random: systemd-udevd: uninitialized urandom read (16 bytes read, 5 bits of entropy available)
 229
[    6.592947] random: udevadm: uninitialized urandom read (16 bytes read, 5 bits of entropy available)
[    6.592967] random: udevadm: uninitialized urandom read (16 bytes read, 5 bits of entropy available)
[    6.600287] random: udevadm: uninitialized urandom read (16 bytes read, 5 bits of entropy available)
[    6.600325] random: udevadm: uninitialized urandom read (16 bytes read, 5 bits of entropy available)
[    6.600527] random: udevadm: uninitialized urandom read (16 bytes read, 5 bits of entropy available)
[    6.600567] random: udevadm: uninitialized urandom read (16 bytes read, 5 bits of entropy available)
[    6.600608] random: udevadm: uninitialized urandom read (16 bytes read, 5 bits of entropy available)
[    6.600714] random: udevadm: uninitialized urandom read (16 bytes read, 5 bits of entropy available)
[    6.600764] random: udevadm: uninitialized urandom read (16 bytes read, 5 bits of entropy available)
[    6.824633] e1000: Intel(R) PRO/1000 Network Driver - version 7.3.21-k8-NAPI
[    6.831055] e1000: Copyright (c) 1999-2006 Intel Corporation.
[    6.855528] Fusion MPT base driver 3.04.20
[    6.857163] Copyright (c) 1999-2008 LSI Corporation
[    6.894478] AVX2 version of gcm_enc/dec engaged.
[    6.899656] AES CTR mode by8 optimization enabled
[    6.905948] Fusion MPT SPI Host driver 3.04.20
[    7.056102] input: ImExPS/2 Generic Explorer Mouse as /devices/platform/i8042/serio1/input/input4
[    7.573359] e1000 0000:00:03.0 eth0: (PCI:33MHz:32-bit) 02:1d:76:b3:3c:fe
[    7.596120] e1000 0000:00:03.0 eth0: Intel(R) PRO/1000 Network Connection
[    7.633992] mptbase: ioc0: Initiating bringup
[    7.736001] ioc0: LSI53C1030 A0: Capabilities={Initiator}
[    8.718867] scsi host2: ioc0: LSI53C1030 A0, FwRev=00000000h, Ports=1, MaxQ=256, IRQ=20
[    8.907859] scsi 2:0:0:0: Direct-Access     VBOX     HARDDISK         1.0  PQ: 0 ANSI: 5
[    8.924107] scsi target2:0:0: Beginning Domain Validation
[    8.936159] scsi target2:0:0: Domain Validation skipping write tests
[    8.950221] scsi target2:0:0: Ending Domain Validation
[    8.977790] scsi target2:0:0: asynchronous
[    8.983856] scsi 2:0:1:0: Direct-Access     VBOX     HARDDISK         1.0  PQ: 0 ANSI: 5
[    9.004237] scsi target2:0:1: Beginning Domain Validation
[    9.008307] scsi target2:0:1: Domain Validation skipping write tests
[    9.011389] scsi target2:0:1: Ending Domain Validation
[    9.018513] scsi target2:0:1: asynchronous
[    9.030841] sd 2:0:0:0: Attached scsi generic sg0 type 0
[    9.030847] sd 2:0:0:0: [sda] 20971520 512-byte logical blocks: (10.7 GB/10.0 GiB)
[    9.031221] sd 2:0:0:0: [sda] Write Protect is off
[    9.031585] sd 2:0:0:0: [sda] Incomplete mode parameter data
[    9.031587] sd 2:0:0:0: [sda] Assuming drive cache: write through
[    9.034473]  sda: sda1
[    9.035670] sd 2:0:0:0: [sda] Attached SCSI disk
[    9.060609] sd 2:0:1:0: [sdb] 20480 512-byte logical blocks: (10.5 MB/10.0 MiB)
[    9.063342] sd 2:0:1:0: Attached scsi generic sg1 type 0
[    9.065175] sd 2:0:1:0: [sdb] Write Protect is off
[    9.067112] sd 2:0:1:0: [sdb] Incomplete mode parameter data
[    9.069003] sd 2:0:1:0: [sdb] Assuming drive cache: write through
[    9.075435] sd 2:0:1:0: [sdb] Attached SCSI disk
[    9.356871] e1000 0000:00:08.0 eth1: (PCI:33MHz:32-bit) 08:00:27:c5:56:44
[    9.565414] e1000 0000:00:08.0 eth1: Intel(R) PRO/1000 Network Connection
[    9.590970] e1000 0000:00:03.0 enp0s3: renamed from eth0
[    9.685841] e1000 0000:00:08.0 enp0s8: renamed from eth1
Begin: Loading essential drivers[   11.044894] md: linear personality registered for level -1
 ... [   11.056237] md: multipath personality registered for level -4
[   11.094177] md: raid0 personality registered for level 0
[   11.099024] md: raid1 personality registered for level 1
[   11.171479] raid6: sse2x1   gen()  9735 MB/s
[   11.267488] raid6: sse2x1   xor()  7588 MB/s
[   11.347362] raid6: sse2x2   gen() 12785 MB/s
[   11.420744] raid6: sse2x2   xor()  7674 MB/s
[   11.507450] raid6: sse2x4   gen()  4826 MB/s
[   11.579626] raid6: sse2x4   xor()  5672 MB/s
[   11.647832] raid6: avx2x1   gen() 15154 MB/s
[   11.743291] raid6: avx2x2   gen() 23330 MB/s
[   11.815480] raid6: avx2x4   gen() 25465 MB/s
[   11.855747] raid6: using algorithm avx2x4 gen() 25465 MB/s
[   11.861951] raid6: using avx2x2 recovery algorithm
[   11.871851] xor: automatically using best checksumming function:
[   11.911303]    avx       : 24396.000 MB/sec
[   11.922218] async_tx: api initialized (async)
[   11.938251] md: raid6 personality registered for level 6
[   11.950076] md: raid5 personality registered for level 5
[   11.965552] md: raid4 personality registered for level 4
[   12.021180] md: raid10 personality registered for level 10
done.
Begin: Running /scripts/init-premount ... done.
Begin: Mounting root file system ... Begin: Running /scripts/local-top ... done.
Begin: Running /scripts/local-premount ... [   12.080688] Btrfs loaded
Scanning for Btrfs filesystems
done.
Warning: fsck not present, so skipping root file system
[   12.139939] EXT4-fs (sda1): mounted filesystem with ordered data mode. Opts: (null)
done.
Begin: Running /scripts/local-bottom ... done.
Begin: Running /scripts/init-bottom ... done.
[   12.932881] systemd[1]: systemd 229 running in system mode. (+PAM +AUDIT +SELINUX +IMA +APPARMOR +SMACK +SYSVINIT +UTMP +LIBCRYPTSETUP +GCRYPT +GNUTLS +ACL +XZ -LZ4 +SECCOMP +BLKID +ELUTS +KMOD -IDN)
[   13.097775] systemd[1]: Detected virtualization oracle.
[   13.105073] systemd[1]: Detected architecture x86-64.

Welcome to [1mUbuntu 16.04.5 LTS[0m!

[   13.554543] systemd[1]: Se hostname to <expensidev>

[   13.844428] random: nonblocking pool is initialized
[   14.236122] systemd[1]: Created slice System Slice.
[[0;32m  OK  [0m] Created slice System Slice.
[   14.557040] systemd[1]: Listening on Deve-mapper event daemon FIFOs.
[[0;32m  OK  [0m] Listening on Device-mapper event daemon FIFOs.
[   4.736020] systemd[1]: Listening on Syslog Socket.
[[0;32m  OK  [0m] Listening on Syslog Socket.
[   14.783659] stemd[1]: Listening on udev Control Socket.
[[0;32m  OK  [0m] Listening on udev Control Socket.
[   15.10913 sted[]:Crated slice syemseial\dgtt.sic.
[[0;32m  OK  [0m] Created slice system-serial\x2dgetty.slice.
[   15.566744] systemd[1]: Listening onournl Scket (/dev/log).
[[0;32m  OK  [0m] Listening on Journal Socket (/dev/log).
[  1765365] systemd[1]: Started Trigger resolvconf update for networkd DNS.
[[0;32m  OK  [0m] Started Trigger resolvconf update for networkd DNS.
[   15.841364] systemd[1]: Created slice User and Session Slice.
[[0;32m  OK  [0m] Created slice User and Session Slice.
[   15.845601] systemd[1]: Listening on /dev/initctl Compatibility Named Pipe.
[[0;32m  OK  [0m] Listening on /dev/initctl Compatibility Named Pipe.
[   16.080968] systemd[1]: Listening on LVM2 metadata daemon socket.
[[0;32m  OK  [0m] Listening on LVM2 metadata daemon socket.
[  16.111579] systemd[1]: Set up automount Arbitrary Executable File Formats File System Automount Point.
[[0;32m  OK  [0m] Set up automount Arbitrary Executab...ats File System Automount Point.
[   16.5159] systemd[1]: stening on LVM2 ll demn ocket.
[[0;32m  OK  [0m] Listening on LVM2 poll daemon socket.
[   17.554278] systemd[1]: Listening on Jouna Audit Socket.
[[0;32m  OK  [0m] Listening on Journal Audit Socket.
[  17.874]ystemd[1]: Reached tart Encrypted Volumes.
[[0;32m  OK  [0m] Reached target Encrypted Volumes.
[   17.936223] systemd[1]: Listening on udev Kernel Socket.
[[0;32m  OK  [0m] Listening on udev Kernel Socket.
[   17.975976] systemd[1]: Reached target Slices.
[[0;32m  OK  [0m] Reached target Slices.
[   17.981600] systemd[1]: Started Forward Password Requests to Wall Directory Watch.
[[0;32m  OK  [0m] Started Forward Password Requests to Wall Directory Watch.
[   18.109794] systemd[]: Listening on Journal Socket.
[[0;32m  OK  [0m] Listening on Journal Socket.
[   18.175964] systemd[1]: Starting Remount Root and Kernel File Systems...
         Starting Remount Root and Kernel File Systems...
[   18.187138] systemd[1]: Starting Set console keymap...
         Startin[   18.223142] EXT4-fs (sda1): re-mounted. Opts: (null)
g Set console keymap...
[   18.247695] systemd[1]: Mounting Debug File System...
         Mounting Debug File System...
[   18.280936] systemd[1]: Starting Monitoring of LVM2 mirrors, snapshots etc. using dmeventd or progress polling...
         Starting Monitoring of LVM2 mirrors... dmeventd or progress polling...
[   18.317931] systemd[1]: Mounting RPC Pipe File System...
         Mounting RPC Pipe File System...
[   18.346735] systemd[1]: Starting Load Kernel Modules...
         Starting Load Kernel Modules...
[   18.358585] RPC: Registered named UNIX socket transport module.
[   18.369859] RPC: Registered udp transport module.
[   18.370775] systemd[1]: Starting Journal Service...
[   18.380501] RPC: Registered tcp transport module.
[   18.380502] RPC: Registered tcp NFSv4.1 backchannel transport module.
         [   18.399484] Loading iSCSI transport class v2.0-870.
Starting Journal Service...
[   18.421218] systemd[1]: Mounting POSIX Message Queue File System...
         Mounting POSIX Message Queue File System...
[   18.453114] systemd[1]: Starting Nameserver information manager...
[   18.463089] iscsi: registered transport (tcp)
         Starting Nameserver information manager...
[   18.482093] systemd[1]: Mounting Huge Pages File System...
         Mounting Huge Pages File System...
[   18.496222] systemd[1]: Reached target User and Group Name Lookups.
[[0;32m  OK  [0m] Reached target User and Group Name Lookups.
[   18.517139] iscsi: registered transport (iser)
[   18.519737] systemd[1]: Starting Create list of required static device nodes for the current kernel...
         Starting Create list of required st... nodes for the current kernel...
[   18.579630] systemd[1]: Reached target System Time Synchronized.
[[0;32m  OK  [0m] Reached target System Time Synchronized.
[   18.637188] sstmd[1]: Reached targt Swap.
[[0;32m  OK  [0m] Reached target Swap.
[   18.835998] systemd[1]: Starting Uncomplicated firewall...
         Starting Uncomplicated firewall...
[   18.877159] systemd[1]: Mounted RPC Pipe File System.
[[0;32m  OK  [0m] Mounted RPC Pipe File System.
[ 18.959799] systemd[1]: Mounted Debug File System.

[[0;32m  OK  [0m] Mounted Debug File System.
[   19.013850] systemd[1]: Mounted Huge Pages File System.
[[0;32m  OK  [0m] Mounted Huge Pages File System.
[   19.018802] systemd[1]: Mounted POSIX Message Queue File System.
[[0;32m  OK  [0m] Mounted POSIX Message Queue File System.
[   19.024232] systemd[1]: Started Journal Service.
[[0;32m  OK  [0m] Started Journal Service.
[[0;32m  OK  [0m] Started Remount Root and Kernel File Systems.
[[0;32m  OK  [0m] Started Set console keymap.
[[0;32m  OK  [0m] Started Load Kernel Modules.
[[0;32m  OK  [0m] Started Create list of required sta...ce nodes for the current kernel.
[[0;32m  OK  [0m] Started Uncomplicated firewall.
[[0;32m  OK  [0m] Started Nameserver information manager.
[[0;32m  OK  [0m] Started LVM2 metadata daemon.
         Starting Create Static Device Nodes in /dev...
         Mounting FUSE Control File System...
         Starting Apply Kernel Variables...
         Starting udev Coldplug all Devices...
         Starting Load/Save Random Seed...
         Starting Flush Journal to Persistent Storage...
[[0;32m  OK  [0m] Mounted FUSE Control File System.
[[0;32m  OK  [0m] Started Create Static Device Nodes in /dev.
[[0;32m  OK  [0m] Started Apply Kernel Variables.
[[0;32m  OK  [0m] Started Monitoring of LVM2 mirrors,...ng dmeventd or progress polling.
[[0;32m  OK  [0m] Started Load/Save Random Seed.
[[0;32m  OK  [0m] Started udev Coldplug all Devices.
[[0;32m  OK  [0m] Started Flush Journal to Persistent Storage.
         Starting udev Kernel Device Manager...
[[0;32m  OK  [0m] Started udev Kernel Device Manager.
[[0;32m  OK  [0m] Started Dispatch Password Requests to Console Directory Watch.
[[0;32m  OK  [0m] Reached target Local File Systems (Pre).
[[0;32m  OK  [0m] Reached target Local File Systems.
         Starting Initial cloud-init job (pre-networking)...
         Starting Tell Plymouth To Write Out Runtime Data...
         Starting LSB: AppArmor initialization...
         Starting Preprocess NFS configuration...
         Starting Set console font and keymap...
         Starting Create Volatile Files and Directories...
[[0;32m  OK  [0m] Found device /dev/ttyS0.
[[0;32m  OK  [0m] Started Tell Plymouth To Write Out Runtime Data.
[[0;32m  OK  [0m] Started Preprocess NFS configuration.
[[0;32m  OK  [0m] Reached target NFS client services.
[[0;32m  OK  [0m] Listening on Load/Save RF Kill Switch Status /dev/rfkill Watch.
[[0;32m  OK  [0m] Found device 82540EM Gigabit Ethern...r (PRO/1000 MT Desktop Adapter).
[[0;32m  OK  [0m] Started Create Volatile Files and Directories.
[[0;32m  OK  [0m] Started LSB: AppArmor initialization.
[[0;32m  OK  [0m] Found device 82540EM Gigabit Ethern...r (PRO/1000 MT Desktop Adapter).
         Starting Update UTMP about System Boot/Shutdown...
[[0;32m  OK  [0m] Started Update UTMP about System Boot/Shutdown.
[[0;32m  OK  [0m] Started Set console font and keymap.
[[0;32m  OK  [0m] Created slice system-getty.slice.
[   19.664295] cloud-init[506]: Cloud-init v. 18.3-9-g2e62cb8a-0ubuntu1~16.04.2 running 'init-local' at Wed, 26 Sep 2018 10:57:37 +0000. Up 19.35 seconds.
[[0;32m  OK  [0m] Started Initial cloud-init job (pre-networking).
[[0;32m  OK  [0m] Reached target Network (Pre).
         Starting Raise network interfaces...
[[0;32m  OK  [0m] Started ifup for enp0s8.
[[0;32m  OK  [0m] Started ifup for enp0s3.
[[0;32m  OK  [0m] Started Raise network interfaces.
         Starting Initial cloud-init job (metadata service crawler)...
[[0;32m  OK  [0m] Reached target Network.
[   20.739863] cloud-init[1120]: Cloud-init v. 18.3-9-g2e62cb8a-0ubuntu1~16.04.2 running 'init' at Wed, 26 Sep 2018 10:57:38 +0000. Up 20.30 seconds.
[[0;32m  OK  [0m] Started Initial cloud-init job (metadata service crawler).
[   20.828371] cloud-init[1120]: ci-info: ++++++++++++++++++++++++++++++++++++++Net device info+++++++++++++++++++++++++++++++++++++++
[   20.865183] cloud-init[1120]: ci-info: +--------+------+-----------------------------+---------------+--------+-------------------+
[   20.891376] cloud-init[1120]: ci-info: | Device |  Up  |           Address           |      Mask     | Scope  |     Hw-Address    |
[   20.900209] cloud-init[1120]: ci-info: +--------+------+-----------------------------+---------------+--------+-------------------+
[   20.903100] cloud-init[1120]: ci-info: | enp0s3 | True |          10.0.2.15          | 255.255.255.0 | global | 02:1d:76:b3:3c:fe |
[   20.941220] cloud-init[1120]: ci-info: | enp0s3 | True |  fe80::1d:76ff:feb3:3cfe/64 |       .       |  link  | 02:1d:76:b3:3c:fe |
[[0;32m  OK  [0m] Reached target Cloud-config availability.
[[0;32m  OK  [0m] Reached target Network is Online.
[   20.967819] cloud-init[1120]: ci-info: | enp0s8 | True |           10.2.2.2          | 255.255.255.0 | global | 08:00:27:c5:56:44 |
[   21.003166]          cloud-initStarting iSCSI initiator daemon (iscsid)...[1120]: 
ci-info: | enp0s8 | True | fe80::a00:27ff:fec5:5644/64 |       .       |  link  | 08:00:27:c5:56:44 |
[   21.064838] [cloud-init[0;32m  OK  [0m[1120]: ] ci-info: |   lo   | True |          127.0.0.1          |   255.0.0.0   |  host  |         .         |Reached target System Initialization.

[   21.065726] cloud-init[1120]: ci-info: |   lo   | True |           ::1/128           |       .       |  host  |         .         |
[   21.414509]          cloud-initStarting Socket activation for snappy daemon.[1120]: 
ci-info: +--------+------+-----------------------------+---------------+--------+-------------------+
[   21.502173] [cloud-init[0;32m  OK  [0m[1120]: ] ci-info: +++++++++++++++++++++++++++Route IPv4 info++++++++++++++++++++++++++++Started Daily Cleanup of Temporary Directories.

[   21.503270] cloud-init[1120]: ci-info: +-------+-------------+----------+---------------+-----------+-------+
[   21.651459] [cloud-init[0;32m  OK  [0m[1120]: ] ci-info: | Route | Destination | Gateway  |    Genmask    | Interface | Flags |Started ACPI Events Check.

[[   21.652210] [0;32m  OK  [0mcloud-init] [1120]: Reached target Paths.ci-info: +-------+-------------+----------+---------------+-----------+-------+

[   21.797999] cloud-init[1120]: ci-info: |   0   |   0.0.0.0   | 10.0.2.2 |    0.0.0.0    |   enp0s3  |   UG  |
[[0;32m  OK  [0m] Listening on RPCbind Server Activation Socket.
[   21.798559] cloud-init[1120]: ci-info: |   1   |   10.0.2.0  | 0.0.0.0  | 255.255.255.0 |   enp0s3  |   U   |
[   21.954349] [cloud-init[0;32m  OK  [0m[1120]: ] ci-info: |   2   |   10.2.2.0  | 0.0.0.0  | 255.255.255.0 |   enp0s8  |   U   |Started Daily apt download activities.

[[   21.955079] [0;32m  OK  [0mcloud-init] [1120]: Started Daily apt upgrade and clean activities.ci-info: +-------+-------------+----------+---------------+-----------+-------+

[   22.034007] [cloud-init[0;32m  OK  [0m[1120]: ] ci-info: +++++++++++++++++++Route IPv6 info+++++++++++++++++++Listening on ACPID Listen Socket.

[[   22.034493] [0;32m  OK  [0mcloud-init] [1120]: Listening on UUID daemon activation socket.ci-info: +-------+-------------+---------+-----------+-------+

[   22.411477]          cloud-initStarting LXD - unix socket.[1120]: 
ci-info: | Route | Destination | Gateway | Interface | Flags |
[[0;32m  OK  [0m] Listening on D-Bus System Message Bus Socket.
[   22.446494] cloud-init[1120]: ci-info: +-------+-------------+---------+-----------+-------+
[[0;32m  OK  [0m] Started Clean PHP session files every 30 mins.
[[0;32m  OK  [0m] Reached target Timers.
[   22.448326] cloud-init[1120]: ci-info: |   0   |  fe80::/64  |    ::   |   enp0s8  |   U   |
[   22.791583] [cloud-init[0;32m  OK  [0m[1120]: ] ci-info: |   1   |  fe80::/64  |    ::   |   enp0s3  |   U   |Listening on Socket activation for snappy daemon.

[   22.841485] cloud-init[1120]: ci-info: |   4   |   ff00::/8  |    ::   |   enp0s8  |   U   |
[[0;32m  OK  [0m] Listening on LXD - unix socket.
[   22.842471] [cloud-init[0;32m  OK  [0m[1120]: ] ci-info: |   5   |   ff00::/8  |    ::   |   enp0s3  |   U   |Started iSCSI initiator daemon (iscsid).

[   22.888048] cloud-init[1120]: ci-info: +-------+-------------+---------+-----------+-------+
         Starting Login to default iSCSI targets...
[[0;32m  OK  [0m] Reached target Sockets.
[[0;32m  OK  [0m] Reached target Basic System.
         Starting LSB: MD monitoring daemon...
[[0;32m  OK  [0m] Started FUSE filesystem for LXC.
         Starting LXD - container startup/shutdown...
         Starting Accounts Service...
         Starting LSB: Record successful boot for GRUB...
         Starting Login Service...
         Starting OpenBSD Secure Shell server...
[[0;32m  OK  [0m] Started D-Bus System Message Bus.
         Starting Virtualbox guest utils...
[[0;32m  OK  [0m] Started Unattended Upgrades Shutdown.
         Starting Lighttpd Daemon...
         Starting System Logging Service...
[[0;32m  OK  [0m] Started ACPI event daemon.
         Starting /etc/rc.local Compatibility...
         Starting MySQL Community Server...
         Starting Snappy daemon...
[[0;32m  OK  [0m] Started Deferred execution scheduler.
[[0;32m  OK  [0m] Started Regular background program processing daemon.
[[0;32m  OK  [0m] Started OpenBSD Secure Shell server.
[[0;32m  OK  [0m] Started System Logging Service.
[[0;32m  OK  [0m] Started LXD - container startup/shutdown.
[[0;1;31mFAILED[0m] Failed to start Lighttpd Daemon.
See 'systemctl status lighttpd.service' for details.
[[0;32m  OK  [0m] Started /etc/rc.local Compatibility.
[[0;32m  OK  [0m] Started Login Service.
[[0;32m  OK  [0m] Started LSB: Record successful boot for GRUB.
[[0;32m  OK  [0m] Started LSB: MD monitoring daemon.
[[0;32m  OK  [0m] Started Login to default iSCSI targets.
[[0;32m  OK  [0m] Reached target Remote File Systems (Pre).
[[0;32m  OK  [0m] Reached target Remote File Systems.
         Starting LSB: Start NTP daemon...
         Starting LSB: daemon to balance interrupts for SMP systems...
         Starting LSB: automatic crash report generation...
         Starting Permit User Sessions...
         Starting LSB: Set the CPU Frequency Scaling governor to "ondemand"...
         Starting Authenticate and Authorize Users to Run Privileged Tasks...
[[0;32m  OK  [0m] Started Virtualbox guest utils.
[[0;32m  OK  [0m] Started Permit User Sessions.
         Starting Terminate Plymouth Boot Screen...
         Starting Hold until boot process finishes up...
[[0;32m  OK  [0m] Started LSB: daemon to balance interrupts for SMP systems.
[[0;32m  OK  [0m] Started LSB: automatic crash report generation.
[[0;32m  OK  [0m] Started LSB: Set the CPU Frequency Scaling governor to "ondemand".
[[0;32m  OK  [0m] Started Terminate Plymouth Boot Screen.
[[0;32m  OK  [0m] Started Hold until boot process finishes up.
[[0;32m  OK  [0m] Started Snappy daemon.
[[0;32m  OK  [0m] Started Authenticate and Authorize Users to Run Privileged Tasks.
[[0;32m  OK  [0m] Started Accounts Service.
[[0;32m  OK  [0m] Created slice User Slice of vagrant.
         Starting User Manager for UID 1000...
[[0;32m  OK  [0m] Started Session 1 of user vagrant.
         Starting Wait until snapd is fully seeded...
[[0;32m  OK  [0m] Started Getty on tty1.
[[0;32m  OK  [0m] Started Serial Getty on ttyS0.
[[0;32m  OK  [0m] Reached target Login Prompts.
         Starting Set console scheme...
[[0;32m  OK  [0m] Started User Manager for UID 1000.
[[0;32m  OK  [0m] Started Wait until snapd is fully seeded.
[[0;32m  OK  [0m] Started Set console scheme.
         Starting Apply the settings specified in cloud-config...
[   25.181284] cloud-init[1407]: Cloud-init v. 18.3-9-g2e62cb8a-0ubuntu1~16.04.2 running 'modules:config' at Wed, 26 Sep 2018 10:57:43 +0000. Up 25.05 seconds.
[[0;32m  OK  [0m] Started Apply the settings specified in cloud-config.
[[0;32m  OK  [0m] Started MySQL Community Server.

Ubuntu 16.04.5 LTS expensidev ttyS0

expensidev login: [   30.598510] cloud-init[2848]: Cloud-init v. 18.3-9-g2e62cb8a-0ubuntu1~16.04.2 running 'modules:final' at Wed, 26 Sep 2018 10:57:49 +0000. Up 30.46 seconds.
[   30.598825] cloud-init[2848]: Cloud-init v. 18.3-9-g2e62cb8a-0ubuntu1~16.04.2 finished at Wed, 26 Sep 2018 10:57:49 +0000. Datasource DataSourceNoCloud [seed=/dev/sdb][dsmode=net].  Up 30.59 seconds
